
> react-kavia@0.1.0 start
> cross-env EDIT_MODE=true webpack serve --config .ve/webpack.config.js --mode development

<i> [webpack-dev-server] Project is running at:
<i> [webpack-dev-server] Loopback: http://localhost:3000/, http://[::1]:3000/
<i> [webpack-dev-server] On Your Network (IPv4): http://172.17.0.2:3000/
<i> [webpack-dev-server] Content not from webpack is served from './public' directory
Injecting EditorRootWrapper import: ../.ve/EditorRootWrapper
asset bundle.js 1.78 MiB [emitted] (name: main)
asset index.html 1.98 KiB [emitted]
runtime modules 28.7 KiB 15 modules
modules by path ./node_modules/ 1.54 MiB 34 modules
modules by path ./src/ 48.4 KiB
  modules by path ./src/*.js 40.9 KiB 7 modules
  modules by path ./src/*.css 7.49 KiB
    ./src/index.css 2.23 KiB [built] [code generated]
    + 3 modules
modules by path ./.ve/ 15.1 KiB
  modules by path ./.ve/*.js 10.6 KiB 2 modules
  modules by path ./.ve/*.css 2.93 KiB
    ./.ve/EditorOverlay.css 2.25 KiB [built] [code generated]
    ./node_modules/css-loader/dist/cjs.js!./.ve/EditorOverlay.css 697 bytes [built] [code generated]
  ./.ve/EditorOverlay.jsx 1.58 KiB [built] [code generated]
webpack 5.99.9 compiled successfully in 1552 ms
assets by status 1.98 KiB [cached] 1 asset
assets by path *.js 1.81 MiB
  asset bundle.js 1.78 MiB [emitted] (name: main)
  asset main.163604ad949efb6e2c69.hot-update.js 32.9 KiB [emitted] [immutable] [hmr] (name: main)
asset main.163604ad949efb6e2c69.hot-update.json 28 bytes [emitted] [immutable] [hmr]
Entrypoint main 1.81 MiB = bundle.js 1.78 MiB main.163604ad949efb6e2c69.hot-update.js 32.9 KiB
cached modules 1.58 MiB [cached] 49 modules
runtime modules 28.7 KiB 15 modules
./src/MainContainer.js 26 KiB [built] [code generated]
webpack 5.99.9 compiled successfully in 253 ms
assets by status 1.98 KiB [cached] 1 asset
assets by path *.js 1.79 MiB
  asset bundle.js 1.77 MiB [emitted] (name: main)
  asset main.61493aee2168c885e863.hot-update.js 24.6 KiB [emitted] [immutable] [hmr] (name: main)
asset main.61493aee2168c885e863.hot-update.json 28 bytes [emitted] [immutable] [hmr]
Entrypoint main 1.79 MiB = bundle.js 1.77 MiB main.61493aee2168c885e863.hot-update.js 24.6 KiB
cached modules 1.58 MiB [cached] 49 modules
runtime modules 28.7 KiB 15 modules
./src/MainContainer.js 19.1 KiB [built] [code generated]
webpack 5.99.9 compiled successfully in 88 ms
